%!Adobe-FontList 1.18
%Locale:0x409

%BeginFont
Handler:DirectoryHandler
FontType:Type1
FontName:Avenir-Black
FamilyName:Avenir
StyleName:95 Black
MenuName:Avenir 65 Medium
StyleBits:2
WeightClass:900
WidthClass:5
AngleClass:0
FullName:12 Avenir 95 Black   09173
WritingScript:Roman
OutlineFileName:\AveniBla
DataFormat:POSTResource
UsesStandardEncoding:yes
isCFF:no
hasSVG:no
FileLength:32864
FileModTime:620571600
DesignSize:-1
%EndFont

%BeginFont
Handler:DirectoryHandler
FontType:Type1
FontName:Avenir-Heavy
FamilyName:Avenir
StyleName:85 Heavy
MenuName:Avenir 55 Roman
StyleBits:2
WeightClass:850
WidthClass:5
AngleClass:0
FullName:12 Avenir 85 Heavy   08173
WritingScript:Roman
OutlineFileName:\AveniHea
DataFormat:POSTResource
UsesStandardEncoding:yes
isCFF:no
hasSVG:no
FileLength:31894
FileModTime:620571600
DesignSize:-1
%EndFont

%BeginFont
Handler:DirectoryHandler
FontType:Type1
FontName:Avenir-Light
FamilyName:Avenir
StyleName:35 Light
MenuName:Avenir 35 Light
StyleBits:0
WeightClass:300
WidthClass:5
AngleClass:0
FullName:12 Avenir 35 Light   02173
WritingScript:Roman
OutlineFileName:\AveniLig
DataFormat:POSTResource
UsesStandardEncoding:yes
isCFF:no
hasSVG:no
FileLength:30267
FileModTime:620571600
DesignSize:-1
%EndFont

%BeginFont
Handler:DirectoryHandler
FontType:Suitcase
FontName:Avenir-Book
OutlineFileName:\Avenir
ResourceID:14676
MacStyle:0
FileLength:67070
FileModTime:1302179178
%EndFont

%BeginFont
Handler:DirectoryHandler
FontType:Suitcase
FontName:Avenir-BookOblique
OutlineFileName:\Avenir
ResourceID:14676
MacStyle:2
FileLength:67070
FileModTime:1302179178
%EndFont

%BeginFont
Handler:DirectoryHandler
FontType:Suitcase
FontName:Avenir-BookOblique
OutlineFileName:\Avenir
ResourceID:14675
MacStyle:0
FileLength:67070
FileModTime:1302179178
%EndFont

%BeginFont
Handler:DirectoryHandler
FontType:Suitcase
FontName:Avenir-Black
OutlineFileName:\Avenir
ResourceID:14672
MacStyle:0
FileLength:67070
FileModTime:1302179178
%EndFont

%BeginFont
Handler:DirectoryHandler
FontType:Suitcase
FontName:Avenir-BlackOblique
OutlineFileName:\Avenir
ResourceID:14672
MacStyle:2
FileLength:67070
FileModTime:1302179178
%EndFont

%BeginFont
Handler:DirectoryHandler
FontType:Suitcase
FontName:Avenir-BlackOblique
OutlineFileName:\Avenir
ResourceID:14671
MacStyle:0
FileLength:67070
FileModTime:1302179178
%EndFont

%BeginFont
Handler:DirectoryHandler
FontType:Suitcase
FontName:Avenir-Heavy
OutlineFileName:\Avenir
ResourceID:14678
MacStyle:0
FileLength:67070
FileModTime:1302179178
%EndFont

%BeginFont
Handler:DirectoryHandler
FontType:Suitcase
FontName:Avenir-HeavyOblique
OutlineFileName:\Avenir
ResourceID:14678
MacStyle:2
FileLength:67070
FileModTime:1302179178
%EndFont

%BeginFont
Handler:DirectoryHandler
FontType:Suitcase
FontName:Avenir-HeavyOblique
OutlineFileName:\Avenir
ResourceID:14677
MacStyle:0
FileLength:67070
FileModTime:1302179178
%EndFont

%BeginFont
Handler:DirectoryHandler
FontType:Suitcase
FontName:Avenir-Light
OutlineFileName:\Avenir
ResourceID:14682
MacStyle:0
FileLength:67070
FileModTime:1302179178
%EndFont

%BeginFont
Handler:DirectoryHandler
FontType:Suitcase
FontName:Avenir-LightOblique
OutlineFileName:\Avenir
ResourceID:14682
MacStyle:2
FileLength:67070
FileModTime:1302179178
%EndFont

%BeginFont
Handler:DirectoryHandler
FontType:Suitcase
FontName:Avenir-LightOblique
OutlineFileName:\Avenir
ResourceID:14681
MacStyle:0
FileLength:67070
FileModTime:1302179178
%EndFont

%BeginFont
Handler:DirectoryHandler
FontType:Suitcase
FontName:Avenir-MediumOblique
OutlineFileName:\Avenir
ResourceID:14673
MacStyle:0
FileLength:67070
FileModTime:1302179178
%EndFont

%BeginFont
Handler:DirectoryHandler
FontType:Suitcase
FontName:Avenir-BlackOblique
OutlineFileName:\Avenir
ResourceID:14673
MacStyle:1
FileLength:67070
FileModTime:1302179178
%EndFont

%BeginFont
Handler:DirectoryHandler
FontType:Suitcase
FontName:Avenir-Oblique
OutlineFileName:\Avenir
ResourceID:14679
MacStyle:0
FileLength:67070
FileModTime:1302179178
%EndFont

%BeginFont
Handler:DirectoryHandler
FontType:Suitcase
FontName:Avenir-HeavyOblique
OutlineFileName:\Avenir
ResourceID:14679
MacStyle:1
FileLength:67070
FileModTime:1302179178
%EndFont

%BeginFont
Handler:DirectoryHandler
FontType:Suitcase
FontName:Avenir-Roman
OutlineFileName:\Avenir
ResourceID:14680
MacStyle:0
FileLength:67070
FileModTime:1302179178
%EndFont

%BeginFont
Handler:DirectoryHandler
FontType:Suitcase
FontName:Avenir-Heavy
OutlineFileName:\Avenir
ResourceID:14680
MacStyle:1
FileLength:67070
FileModTime:1302179178
%EndFont

%BeginFont
Handler:DirectoryHandler
FontType:Suitcase
FontName:Avenir-Oblique
OutlineFileName:\Avenir
ResourceID:14680
MacStyle:2
FileLength:67070
FileModTime:1302179178
%EndFont

%BeginFont
Handler:DirectoryHandler
FontType:Suitcase
FontName:Avenir-HeavyOblique
OutlineFileName:\Avenir
ResourceID:14680
MacStyle:3
FileLength:67070
FileModTime:1302179178
%EndFont

%BeginFont
Handler:DirectoryHandler
FontType:Suitcase
FontName:Avenir-Medium
OutlineFileName:\Avenir
ResourceID:14674
MacStyle:0
FileLength:67070
FileModTime:1302179178
%EndFont

%BeginFont
Handler:DirectoryHandler
FontType:Suitcase
FontName:Avenir-Black
OutlineFileName:\Avenir
ResourceID:14674
MacStyle:1
FileLength:67070
FileModTime:1302179178
%EndFont

%BeginFont
Handler:DirectoryHandler
FontType:Suitcase
FontName:Avenir-MediumOblique
OutlineFileName:\Avenir
ResourceID:14674
MacStyle:2
FileLength:67070
FileModTime:1302179178
%EndFont

%BeginFont
Handler:DirectoryHandler
FontType:Suitcase
FontName:Avenir-BlackOblique
OutlineFileName:\Avenir
ResourceID:14674
MacStyle:3
FileLength:67070
FileModTime:1302179178
%EndFont

%BeginFont
Handler:DirectoryHandler
FontType:Type1
FontName:GothamCondensed-Bold
FamilyName:Gotham Condensed
StyleName:Bold
MenuName:Gotham Condensed Bold
StyleBits:0
WeightClass:400
WidthClass:3
AngleClass:0
FullName:Gotham Condensed Bold
WritingScript:Roman
OutlineFileName:\Gotham Condensed Bold.otf
DataFormat:sfntData
UsesStandardEncoding:yes
isCFF:yes
hasSVG:no
FileLength:123400
FileModTime:1419672442
NameArray:0,Mac,4,Gotham Condensed Bold
NameArray:0,Win,1,Gotham Condensed Bold
NameArray:0,Win,16,Gotham Condensed
%EndFont

%BeginFont
Handler:DirectoryHandler
FontType:Type1
FontName:GothamCondensed-Medium
FamilyName:Gotham Condensed
StyleName:Medium
MenuName:Gotham Condensed
StyleBits:0
WeightClass:500
WidthClass:5
AngleClass:0
FullName:Gotham Condensed Medium
WritingScript:Roman
OutlineFileName:\Gotham Condensed Medium.otf
DataFormat:sfntData
UsesStandardEncoding:yes
isCFF:yes
hasSVG:no
FileLength:28564
FileModTime:1419668844
NameArray:0,Mac,4,Gotham Condensed Medium
NameArray:0,Win,1,Gotham Condensed
%EndFont

%BeginFont
Handler:DirectoryHandler
FontType:Type1
FontName:Gotham-Bold
FamilyName:Gotham
StyleName:Bold
MenuName:Gotham
StyleBits:2
WeightClass:700
WidthClass:5
AngleClass:0
FullName:Gotham Bold
WritingScript:Roman
OutlineFileName:\Gotham-Bold_21010.ttf
DataFormat:sfntData
UsesStandardEncoding:yes
isCFF:yes
hasSVG:no
FileLength:21408
FileModTime:1437477126
NameArray:0,Mac,4,Gotham Bold
NameArray:0,Win,1,Gotham
%EndFont

%BeginFont
Handler:DirectoryHandler
FontType:Type1
FontName:GothamNarrow-Book
FamilyName:Gotham Narrow
StyleName:Book
MenuName:Gotham Narrow Book
StyleBits:0
WeightClass:325
WidthClass:3
AngleClass:0
FullName:Gotham Narrow Book
WritingScript:Roman
OutlineFileName:\GothamNarrow-Book.otf
DataFormat:sfntData
UsesStandardEncoding:yes
isCFF:yes
hasSVG:no
FileLength:177824
FileModTime:1222981208
NameArray:0,Mac,4,Gotham Narrow Book
NameArray:0,Win,1,Gotham Narrow Book
NameArray:0,Win,16,Gotham Narrow
%EndFont

%BeginFont
Handler:DirectoryHandler
FontType:Type1
FontName:MinionPro-Regular
FamilyName:Minion Pro
StyleName:Regular
MenuName:Minion Pro
StyleBits:0
WeightClass:400
WidthClass:5
AngleClass:0
FullName:Minion Pro
WritingScript:Roman
OutlineFileName:\MinionPro-Regular.otf
DataFormat:sfntData
UsesStandardEncoding:yes
isCFF:yes
hasSVG:no
FileLength:218640
FileModTime:1480095484
DesignSize:110
NameArray:0,Mac,4,Minion Pro
NameArray:0,Win,1,Minion Pro
%EndFont

%BeginFont
Handler:DirectoryHandler
FontType:TrueType
FontName:Wingdings-Regular
FamilyName:Wingdings
StyleName:Regular
MenuName:Wingdings
StyleBits:0
WeightClass:400
WidthClass:5
AngleClass:0
FullName:Wingdings
WritingScript:Roman
OutlineFileName:\Wingdings.ttf
DataFormat:sfntData
hasSVG:no
FileLength:86384
FileModTime:1470541724
NameArray:0,Mac,4,Wingdings
NameArray:0,Win,1,Wingdings
%EndFont

